CREATE EXTENSION jsonb_extend;
select jsonb_extend(variadic '{}'::jsonb[]);
 jsonb_extend 
--------------
 
(1 row)

select jsonb_extend('1'::jsonb);
 jsonb_extend 
--------------
 1
(1 row)

select jsonb_extend('[0]'::jsonb, '1'::jsonb, '2'::jsonb);
 jsonb_extend 
--------------
 [0, 1, 2]
(1 row)

select jsonb_extend('1'::jsonb, '[]'::jsonb);
ERROR:  jsonb_extend: cannot extend scalar
select jsonb_extend('{"1": 2}'::jsonb, '[]'::jsonb);
ERROR:  jsonb_extend: object should be extended by object
select jsonb_extend('{}'::jsonb, '{}'::jsonb);
 jsonb_extend 
--------------
 {}
(1 row)

select jsonb_extend('[]'::jsonb, '[]'::jsonb);
 jsonb_extend 
--------------
 []
(1 row)

select jsonb_extend('[]'::jsonb, '{}'::jsonb);
 jsonb_extend 
--------------
 [{}]
(1 row)

select jsonb_extend('[]'::jsonb, '1'::jsonb);
 jsonb_extend 
--------------
 [1]
(1 row)

select jsonb_extend('[]'::jsonb, '"string"'::jsonb);
 jsonb_extend 
--------------
 ["string"]
(1 row)

select jsonb_extend('{"a": 1}'::jsonb, '{"b": 2}'::jsonb);
   jsonb_extend   
------------------
 {"a": 1, "b": 2}
(1 row)

select jsonb_extend('[1]'::jsonb, '[2]'::jsonb);
 jsonb_extend 
--------------
 [1, 2]
(1 row)

select jsonb_extend('[1]'::jsonb, '2'::jsonb);
 jsonb_extend 
--------------
 [1, 2]
(1 row)

select jsonb_extend('[1]'::jsonb, '{"a": 2}'::jsonb);
 jsonb_extend  
---------------
 [1, {"a": 2}]
(1 row)

select jsonb_extend('{"a": 1}'::jsonb, '{"b": 2}'::jsonb);
   jsonb_extend   
------------------
 {"a": 1, "b": 2}
(1 row)

select jsonb_extend('{"a": 1}'::jsonb, '{"b": 2, "a": 3}'::jsonb);
   jsonb_extend   
------------------
 {"a": 3, "b": 2}
(1 row)

select jsonb_extend('{"a": 1, "b": 3}'::jsonb, '{"b": 2}'::jsonb);
   jsonb_extend   
------------------
 {"a": 1, "b": 2}
(1 row)

select jsonb_extend('{"a": 1, "b": 2}'::jsonb, '{"b": {"c": 3}}'::jsonb);
      jsonb_extend       
-------------------------
 {"a": 1, "b": {"c": 3}}
(1 row)

select jsonb_extend('{"a": 1, "b": {"c": 3}}'::jsonb, '{"b": {"d": 4}}'::jsonb);
      jsonb_extend       
-------------------------
 {"a": 1, "b": {"d": 4}}
(1 row)

select jsonb_deep_extend(false, '{}'::jsonb, '{}'::jsonb);
 jsonb_deep_extend 
-------------------
 {}
(1 row)

select jsonb_deep_extend(false, '{"a": 1}'::jsonb, '{}'::jsonb);
 jsonb_deep_extend 
-------------------
 {"a": 1}
(1 row)

select jsonb_deep_extend(false, '{}'::jsonb, '{"a": 1}'::jsonb);
 jsonb_deep_extend 
-------------------
 {"a": 1}
(1 row)

select jsonb_deep_extend(false, '{"b": 2}'::jsonb, '{"a": 1}'::jsonb);
 jsonb_deep_extend 
-------------------
 {"a": 1, "b": 2}
(1 row)

select jsonb_deep_extend(false, '{"b": 2, "a": 1}'::jsonb, '{"a": [1]}'::jsonb);
 jsonb_deep_extend  
--------------------
 {"a": [1], "b": 2}
(1 row)

select jsonb_deep_extend(false, '{"b": [{"c": 2}], "a": 1}'::jsonb, '{"a": [{"c": 1}]}'::jsonb);
         jsonb_deep_extend          
------------------------------------
 {"a": [{"c": 1}], "b": [{"c": 2}]}
(1 row)

select jsonb_deep_extend(false, '{"b": {"c": 2}}'::jsonb, '{"a": 1}'::jsonb);
    jsonb_deep_extend    
-------------------------
 {"a": 1, "b": {"c": 2}}
(1 row)

select jsonb_deep_extend(false, '{"b": {"c": 2}}'::jsonb, '{"b": {"a": 1}}'::jsonb);
    jsonb_deep_extend    
-------------------------
 {"b": {"a": 1, "c": 2}}
(1 row)

select jsonb_deep_extend(false, '{"a": 1, "b": {"c": 3}}'::jsonb, '{"b": {"d": 4}}'::jsonb);
        jsonb_deep_extend        
---------------------------------
 {"a": 1, "b": {"c": 3, "d": 4}}
(1 row)

select jsonb_deep_extend(false, '{"a": {"b": 1, "c": 2}}'::jsonb, '{"a": 23}'::jsonb);
 jsonb_deep_extend 
-------------------
 {"a": 23}
(1 row)

select jsonb_deep_extend(false, '{"b": 2}'::jsonb, '{"a": 1}'::jsonb, '{"d": 4}', '{"c": 3}');
        jsonb_deep_extend         
----------------------------------
 {"a": 1, "b": 2, "c": 3, "d": 4}
(1 row)

select jsonb_deep_extend(false, '{"a": {"b": 1}}', '{"a": {"c": 2}}', '{"a": {"d": 3}}');
        jsonb_deep_extend        
---------------------------------
 {"a": {"b": 1, "c": 2, "d": 3}}
(1 row)

select jsonb_deep_extend(true, '{}'::jsonb, '{}'::jsonb);
 jsonb_deep_extend 
-------------------
 {}
(1 row)

select jsonb_deep_extend(true, '{"a": 1}'::jsonb, '{}'::jsonb);
 jsonb_deep_extend 
-------------------
 {"a": 1}
(1 row)

select jsonb_deep_extend(true, '{}'::jsonb, '{"a": 1}'::jsonb);
 jsonb_deep_extend 
-------------------
 {"a": 1}
(1 row)

select jsonb_deep_extend(true, '{"b": 2}'::jsonb, '{"a": 1}'::jsonb);
 jsonb_deep_extend 
-------------------
 {"a": 1, "b": 2}
(1 row)

select jsonb_deep_extend(true, '{"b": 2, "a": 1}'::jsonb, '{"a": [1]}'::jsonb);
 jsonb_deep_extend  
--------------------
 {"a": [1], "b": 2}
(1 row)

select jsonb_deep_extend(true, '{"b": [{"c": 2}], "a": 1}'::jsonb, '{"a": [{"c": 1}]}'::jsonb);
         jsonb_deep_extend          
------------------------------------
 {"a": [{"c": 1}], "b": [{"c": 2}]}
(1 row)

select jsonb_deep_extend(true, '{"b": {"c": 2}}'::jsonb, '{"a": 1}'::jsonb);
    jsonb_deep_extend    
-------------------------
 {"a": 1, "b": {"c": 2}}
(1 row)

select jsonb_deep_extend(true, '{"b": {"c": 2}}'::jsonb, '{"b": {"a": 1}}'::jsonb);
 jsonb_deep_extend 
-------------------
 {"b": {"a": 1}}
(1 row)

select jsonb_deep_extend(true, '{"a": 1, "b": {"c": 3}}'::jsonb, '{"b": {"d": 4}}'::jsonb);
    jsonb_deep_extend    
-------------------------
 {"a": 1, "b": {"d": 4}}
(1 row)

select jsonb_deep_extend(true, '{"a": {"b": 1, "c": 2}}'::jsonb, '{"a": 23}'::jsonb);
 jsonb_deep_extend 
-------------------
 {"a": 23}
(1 row)

select jsonb_deep_extend(true, '{"a": {"b": 1}}', '{"a": {"c": 2}}', '{"a": {"d": 3}}');
 jsonb_deep_extend 
-------------------
 {"a": {"d": 3}}
(1 row)

